| file://:0:0:0:0 | detached(name:executorPreference:priority:operation:) | detached(name:executorPreference:priority:operation:) |
| file://:0:0:0:0 | detached(name:executorPreference:priority:operation:) | detached(name:executorPreference:priority:operation:) |
| file://:0:0:0:0 | detached(name:priority:operation:) | detached(name:priority:operation:) |
| file://:0:0:0:0 | detached(name:priority:operation:) | detached(name:priority:operation:) |
