| MiddlewareBodyCollection.swift:44:27:44:58 | call to collectBody(upTo:) | Request body is drained inside $@. The AsyncSequence is consumed here; downstream handlers will receive an empty body. Re-attach the collected buffer to the request before calling next, or move body reading to the route handler. | MiddlewareBodyCollection.swift:39:5:46:5 | handle(_:context:next:) | BodyInspectMiddleware.handle(_:context:next:) |
| MiddlewareBodyCollection.swift:55:27:55:76 | call to decode(as:context:) | Request body is drained inside $@. The AsyncSequence is consumed here; downstream handlers will receive an empty body. Re-attach the collected buffer to the request before calling next, or move body reading to the route handler. | MiddlewareBodyCollection.swift:50:5:57:5 | handle(_:context:next:) | DecodingMiddleware.handle(_:context:next:) |
