| DirectChannelBindConnect.swift:50:9:50:47 | call to bind(host:port:) | This call returns an EventLoopFuture instead of wrapping the channel in NIOAsyncChannel. Use the async bind() variant that returns NIOAsyncChannel to integrate with Swift structured concurrency. |
| DirectChannelBindConnect.swift:54:9:54:32 | call to bind(to:) | This call returns an EventLoopFuture instead of wrapping the channel in NIOAsyncChannel. Use the async bind() variant that returns NIOAsyncChannel to integrate with Swift structured concurrency. |
| DirectChannelBindConnect.swift:60:9:60:56 | call to connect(host:port:) | This call returns an EventLoopFuture instead of wrapping the channel in NIOAsyncChannel. Use the async connect() variant that returns NIOAsyncChannel to integrate with Swift structured concurrency. |
| DirectChannelBindConnect.swift:64:9:64:35 | call to connect(to:) | This call returns an EventLoopFuture instead of wrapping the channel in NIOAsyncChannel. Use the async connect() variant that returns NIOAsyncChannel to integrate with Swift structured concurrency. |
| DirectChannelBindConnect.swift:70:9:70:25 | call to bind(to:) | This call returns an EventLoopFuture instead of wrapping the channel in NIOAsyncChannel. Use the async bind() variant that returns NIOAsyncChannel to integrate with Swift structured concurrency. |
| DirectChannelBindConnect.swift:74:9:74:28 | call to connect(to:) | This call returns an EventLoopFuture instead of wrapping the channel in NIOAsyncChannel. Use the async connect() variant that returns NIOAsyncChannel to integrate with Swift structured concurrency. |
