| SuccessiveChannelWrites.swift:19:15:19:34 | call to write(_:) | This async write and $@ in the same scope each suspend and may hop threads. Collate both into a single write(contentsOf: [...]) call to avoid the extra suspensions. | SuccessiveChannelWrites.swift:20:15:20:34 | call to write(_:) | this subsequent write |
| SuccessiveChannelWrites.swift:19:15:19:34 | call to write(_:) | This async write and $@ in the same scope each suspend and may hop threads. Collate both into a single write(contentsOf: [...]) call to avoid the extra suspensions. | SuccessiveChannelWrites.swift:21:15:21:33 | call to write(_:) | this subsequent write |
| SuccessiveChannelWrites.swift:26:15:26:35 | call to write(_:) | This async write and $@ in the same scope each suspend and may hop threads. Collate both into a single write(contentsOf: [...]) call to avoid the extra suspensions. | SuccessiveChannelWrites.swift:27:15:27:35 | call to write(_:) | this subsequent write |
